<?xml version="1.0" encoding="UTF-8"?>
<TestRun id="a6b64419-ce05-4ba4-a575-d45126687e5f" name="Robert@HORVICKW7 2010-03-20 01:38:46" runUser="HORVICKW7\Robert" xmlns="http://microsoft.com/schemas/VisualStudio/TeamTest/2010">
  <TestSettings name="Local" id="cccf0ead-bb7b-4fa6-80c8-b697078887da">
    <Description>These are default test settings for a local test run.</Description>
    <Deployment userDeploymentRoot="c:\projects\Riak.Client\TestResults" useDefaultDeploymentRoot="false" runDeploymentRoot="Robert_HORVICKW7 2010-03-20 01_38_46" />
    <Execution>
      <TestTypeSpecific>
        <UnitTestRunConfig testTypeId="13cdc9d9-ddb5-4fa4-a97d-d965ccfc6d4b">
          <AssemblyResolution>
            <TestDirectory useLoadContext="true" />
          </AssemblyResolution>
        </UnitTestRunConfig>
        <WebTestRunConfiguration testTypeId="4e7599fa-5ecb-43e9-a887-cd63cf72d207">
          <Browser name="Internet Explorer 7.0">
            <Headers>
              <Header name="User-Agent" value="Mozilla/4.0 (compatible; MSIE 7.0; Windows NT 5.1)" />
              <Header name="Accept" value="*/*" />
              <Header name="Accept-Language" value="{{$IEAcceptLanguage}}" />
              <Header name="Accept-Encoding" value="GZIP" />
            </Headers>
          </Browser>
        </WebTestRunConfiguration>
      </TestTypeSpecific>
      <AgentRule name="LocalMachineDefaultRole">
        <DataCollectors>
          <DataCollector uri="datacollector://microsoft/CodeCoverage/1.0" assemblyQualifiedName="Microsoft.VisualStudio.TestTools.CodeCoverage.CoveragePlugIn, Microsoft.VisualStudio.QualityTools.Plugins.CodeCoverage, Version=10.0.0.0, Culture=neutral, PublicKeyToken=b03f5f7f11d50a3a" friendlyName="Code Coverage">
            <Configuration>
              <CodeCoverage xmlns="">
                <Regular>
                  <CodeCoverageItem binaryFile="c:\projects\Riak.Client\Riak.Client\bin\Debug\Riak.Client.dll" pdbFile="c:\projects\Riak.Client\Riak.Client\bin\Debug\Riak.Client.instr.pdb" instrumentInPlace="true" />
                </Regular>
              </CodeCoverage>
            </Configuration>
          </DataCollector>
        </DataCollectors>
      </AgentRule>
    </Execution>
  </TestSettings>
  <Times creation="2010-03-20T01:38:46.9892154-04:00" queuing="2010-03-20T01:38:48.5533048-04:00" start="2010-03-20T01:38:48.7393155-04:00" finish="2010-03-20T01:38:58.2638603-04:00" />
  <ResultSummary outcome="Completed">
    <Counters total="16" executed="16" passed="16" error="0" failed="0" timeout="0" aborted="0" inconclusive="0" passedButRunAborted="0" notRunnable="0" notExecuted="0" disconnected="0" warning="0" completed="0" inProgress="0" pending="0" />
    <ResultFiles>
      <ResultFile path="HORVICKW7\data.coverage" />
    </ResultFiles>
  </ResultSummary>
  <TestDefinitions>
    <UnitTest name="LinkWithMultipleParameters" storage="c:\projects\riak.client\riak.tests\bin\debug\riak.tests.dll" id="d79ef6f9-4e22-e7f6-a37e-b0e7a8cab61d">
      <Execution id="fd9a72ec-51b8-4490-b80c-6a6ab7e51de1" />
      <TestMethod codeBase="c:/projects/Riak.Client/Riak.Tests/bin/Debug/Riak.Tests.DLL" adapterTypeName="Microsoft.VisualStudio.TestTools.TestTypes.Unit.UnitTestAdapter, Microsoft.VisualStudio.QualityTools.Tips.UnitTest.Adapter, Version=10.0.0.0, Culture=neutral, PublicKeyToken=b03f5f7f11d50a3a" className="Riak.Tests.LinkTests, Riak.Tests, Version=1.0.0.0, Culture=neutral, PublicKeyToken=null" name="LinkWithMultipleParameters" />
    </UnitTest>
    <UnitTest name="LinkFollowing" storage="c:\projects\riak.client\riak.tests\bin\debug\riak.tests.dll" id="e59f5b3d-3a7c-4505-e293-67664a703224">
      <Execution id="918b8b1d-ef1c-4963-afb5-6d9c46ea5a76" />
      <TestMethod codeBase="c:/projects/Riak.Client/Riak.Tests/bin/Debug/Riak.Tests.DLL" adapterTypeName="Microsoft.VisualStudio.TestTools.TestTypes.Unit.UnitTestAdapter, Microsoft.VisualStudio.QualityTools.Tips.UnitTest.Adapter, Version=10.0.0.0, Culture=neutral, PublicKeyToken=b03f5f7f11d50a3a" className="Riak.Tests.LinkTests, Riak.Tests, Version=1.0.0.0, Culture=neutral, PublicKeyToken=null" name="LinkFollowing" />
    </UnitTest>
    <UnitTest name="SettingAllowMultiPersistsCorrectly" storage="c:\projects\riak.client\riak.tests\bin\debug\riak.tests.dll" id="33d4d279-34bd-6d5a-280e-4b82973def51">
      <Execution id="376f2419-96ba-4821-b097-079b51d91be2" />
      <TestMethod codeBase="c:/projects/Riak.Client/Riak.Tests/bin/Debug/Riak.Tests.DLL" adapterTypeName="Microsoft.VisualStudio.TestTools.TestTypes.Unit.UnitTestAdapter, Microsoft.VisualStudio.QualityTools.Tips.UnitTest.Adapter, Version=10.0.0.0, Culture=neutral, PublicKeyToken=b03f5f7f11d50a3a" className="Riak.Tests.BucketTests, Riak.Tests, Version=1.0.0.0, Culture=neutral, PublicKeyToken=null" name="SettingAllowMultiPersistsCorrectly" />
    </UnitTest>
    <UnitTest name="LinkCollectionOperationalTests" storage="c:\projects\riak.client\riak.tests\bin\debug\riak.tests.dll" id="80c6668e-527f-7ce0-c7fa-d368165124a1">
      <Execution id="b28a28d1-5906-4d5a-b99d-c08e812dbfa2" />
      <TestMethod codeBase="c:/projects/Riak.Client/Riak.Tests/bin/Debug/Riak.Tests.DLL" adapterTypeName="Microsoft.VisualStudio.TestTools.TestTypes.Unit.UnitTestAdapter, Microsoft.VisualStudio.QualityTools.Tips.UnitTest.Adapter, Version=10.0.0.0, Culture=neutral, PublicKeyToken=b03f5f7f11d50a3a" className="Riak.Tests.LinkTests, Riak.Tests, Version=1.0.0.0, Culture=neutral, PublicKeyToken=null" name="LinkCollectionOperationalTests" />
    </UnitTest>
    <UnitTest name="GetAllSiblingsOnConflict" storage="c:\projects\riak.client\riak.tests\bin\debug\riak.tests.dll" id="7a71b779-6444-5633-f109-dc2d069ca31b">
      <Execution id="e3e9be1f-4c57-4a6f-9c7f-b8c0de5a0eba" />
      <TestMethod codeBase="c:/projects/Riak.Client/Riak.Tests/bin/Debug/Riak.Tests.DLL" adapterTypeName="Microsoft.VisualStudio.TestTools.TestTypes.Unit.UnitTestAdapter, Microsoft.VisualStudio.QualityTools.Tips.UnitTest.Adapter, Version=10.0.0.0, Culture=neutral, PublicKeyToken=b03f5f7f11d50a3a" className="Riak.Tests.BucketTests, Riak.Tests, Version=1.0.0.0, Culture=neutral, PublicKeyToken=null" name="GetAllSiblingsOnConflict" />
    </UnitTest>
    <UnitTest name="SaveAStringKeyValue" storage="c:\projects\riak.client\riak.tests\bin\debug\riak.tests.dll" id="58939138-4342-8e72-2f65-c6ec6d5362d3">
      <Execution id="e8d5f1e3-fda9-423a-bc75-162b7e56a2b9" />
      <TestMethod codeBase="c:/projects/Riak.Client/Riak.Tests/bin/Debug/Riak.Tests.DLL" adapterTypeName="Microsoft.VisualStudio.TestTools.TestTypes.Unit.UnitTestAdapter, Microsoft.VisualStudio.QualityTools.Tips.UnitTest.Adapter, Version=10.0.0.0, Culture=neutral, PublicKeyToken=b03f5f7f11d50a3a" className="Riak.Tests.BucketTests, Riak.Tests, Version=1.0.0.0, Culture=neutral, PublicKeyToken=null" name="SaveAStringKeyValue" />
    </UnitTest>
    <UnitTest name="LinkOddlyFormedIsParsedAndNormalized" storage="c:\projects\riak.client\riak.tests\bin\debug\riak.tests.dll" id="86d01318-0230-9e62-826b-6c3385d23407">
      <Execution id="f73523e9-513b-4497-8924-14ed806fcf7c" />
      <TestMethod codeBase="c:/projects/Riak.Client/Riak.Tests/bin/Debug/Riak.Tests.DLL" adapterTypeName="Microsoft.VisualStudio.TestTools.TestTypes.Unit.UnitTestAdapter, Microsoft.VisualStudio.QualityTools.Tips.UnitTest.Adapter, Version=10.0.0.0, Culture=neutral, PublicKeyToken=b03f5f7f11d50a3a" className="Riak.Tests.LinkTests, Riak.Tests, Version=1.0.0.0, Culture=neutral, PublicKeyToken=null" name="LinkOddlyFormedIsParsedAndNormalized" />
    </UnitTest>
    <UnitTest name="SaveABinaryKeyValue" storage="c:\projects\riak.client\riak.tests\bin\debug\riak.tests.dll" id="4ad0d6cc-b6bb-6b71-fab7-7bd0c1927a9f">
      <Execution id="97b9e0c0-8907-4c12-b3bf-1ec07b5ebfeb" />
      <TestMethod codeBase="c:/projects/Riak.Client/Riak.Tests/bin/Debug/Riak.Tests.DLL" adapterTypeName="Microsoft.VisualStudio.TestTools.TestTypes.Unit.UnitTestAdapter, Microsoft.VisualStudio.QualityTools.Tips.UnitTest.Adapter, Version=10.0.0.0, Culture=neutral, PublicKeyToken=b03f5f7f11d50a3a" className="Riak.Tests.BucketTests, Riak.Tests, Version=1.0.0.0, Culture=neutral, PublicKeyToken=null" name="SaveABinaryKeyValue" />
    </UnitTest>
    <UnitTest name="LinkWithRelationalUri" storage="c:\projects\riak.client\riak.tests\bin\debug\riak.tests.dll" id="30d12b1b-aa49-8c08-bd4a-866243aceb48">
      <Execution id="64b0c48e-d0c8-4ee6-876f-01a7f338a1b4" />
      <TestMethod codeBase="c:/projects/Riak.Client/Riak.Tests/bin/Debug/Riak.Tests.DLL" adapterTypeName="Microsoft.VisualStudio.TestTools.TestTypes.Unit.UnitTestAdapter, Microsoft.VisualStudio.QualityTools.Tips.UnitTest.Adapter, Version=10.0.0.0, Culture=neutral, PublicKeyToken=b03f5f7f11d50a3a" className="Riak.Tests.LinkTests, Riak.Tests, Version=1.0.0.0, Culture=neutral, PublicKeyToken=null" name="LinkWithRelationalUri" />
    </UnitTest>
    <UnitTest name="ConflictOnAllowMultiBucket" storage="c:\projects\riak.client\riak.tests\bin\debug\riak.tests.dll" id="beae7429-a6a2-4b8b-91b8-2242ec45c77a">
      <Execution id="51c70278-5952-4ee5-a689-efca114c916e" />
      <TestMethod codeBase="c:/projects/Riak.Client/Riak.Tests/bin/Debug/Riak.Tests.DLL" adapterTypeName="Microsoft.VisualStudio.TestTools.TestTypes.Unit.UnitTestAdapter, Microsoft.VisualStudio.QualityTools.Tips.UnitTest.Adapter, Version=10.0.0.0, Culture=neutral, PublicKeyToken=b03f5f7f11d50a3a" className="Riak.Tests.BucketTests, Riak.Tests, Version=1.0.0.0, Culture=neutral, PublicKeyToken=null" name="ConflictOnAllowMultiBucket" />
    </UnitTest>
    <UnitTest name="LinkWithUnknownParameters" storage="c:\projects\riak.client\riak.tests\bin\debug\riak.tests.dll" id="d9c44692-30b5-c679-747b-7d385a54ef67">
      <Execution id="2ebffd4d-8305-40e5-95fb-0dc0797086e1" />
      <TestMethod codeBase="c:/projects/Riak.Client/Riak.Tests/bin/Debug/Riak.Tests.DLL" adapterTypeName="Microsoft.VisualStudio.TestTools.TestTypes.Unit.UnitTestAdapter, Microsoft.VisualStudio.QualityTools.Tips.UnitTest.Adapter, Version=10.0.0.0, Culture=neutral, PublicKeyToken=b03f5f7f11d50a3a" className="Riak.Tests.LinkTests, Riak.Tests, Version=1.0.0.0, Culture=neutral, PublicKeyToken=null" name="LinkWithUnknownParameters" />
    </UnitTest>
    <UnitTest name="LinkRoundTripping" storage="c:\projects\riak.client\riak.tests\bin\debug\riak.tests.dll" id="8bc468f8-eee0-673a-92b7-930506440e84">
      <Execution id="bb9cd894-59f5-4eaf-a9fa-aa5f6ff6fdbd" />
      <TestMethod codeBase="c:/projects/Riak.Client/Riak.Tests/bin/Debug/Riak.Tests.DLL" adapterTypeName="Microsoft.VisualStudio.TestTools.TestTypes.Unit.UnitTestAdapter, Microsoft.VisualStudio.QualityTools.Tips.UnitTest.Adapter, Version=10.0.0.0, Culture=neutral, PublicKeyToken=b03f5f7f11d50a3a" className="Riak.Tests.LinkTests, Riak.Tests, Version=1.0.0.0, Culture=neutral, PublicKeyToken=null" name="LinkRoundTripping" />
    </UnitTest>
    <UnitTest name="DeleteMissingKeys" storage="c:\projects\riak.client\riak.tests\bin\debug\riak.tests.dll" id="8adbc453-a093-0889-b145-79d2f69be902">
      <Execution id="4d9b03ad-2547-40b7-a613-d849287d5477" />
      <TestMethod codeBase="c:/projects/Riak.Client/Riak.Tests/bin/Debug/Riak.Tests.DLL" adapterTypeName="Microsoft.VisualStudio.TestTools.TestTypes.Unit.UnitTestAdapter, Microsoft.VisualStudio.QualityTools.Tips.UnitTest.Adapter, Version=10.0.0.0, Culture=neutral, PublicKeyToken=b03f5f7f11d50a3a" className="Riak.Tests.BucketTests, Riak.Tests, Version=1.0.0.0, Culture=neutral, PublicKeyToken=null" name="DeleteMissingKeys" />
    </UnitTest>
    <UnitTest name="DeleteExistingKeys" storage="c:\projects\riak.client\riak.tests\bin\debug\riak.tests.dll" id="ecb7a2ec-95c2-bcd4-9208-598a9a8227f1">
      <Execution id="1abb1335-b588-4f80-a6b0-b88f1434f2dd" />
      <TestMethod codeBase="c:/projects/Riak.Client/Riak.Tests/bin/Debug/Riak.Tests.DLL" adapterTypeName="Microsoft.VisualStudio.TestTools.TestTypes.Unit.UnitTestAdapter, Microsoft.VisualStudio.QualityTools.Tips.UnitTest.Adapter, Version=10.0.0.0, Culture=neutral, PublicKeyToken=b03f5f7f11d50a3a" className="Riak.Tests.BucketTests, Riak.Tests, Version=1.0.0.0, Culture=neutral, PublicKeyToken=null" name="DeleteExistingKeys" />
    </UnitTest>
    <UnitTest name="ConflictOnNonMultiBucket" storage="c:\projects\riak.client\riak.tests\bin\debug\riak.tests.dll" id="06a22416-08af-c0dc-b70f-5cec4761aa09">
      <Execution id="3989044c-0ed8-428b-971d-e2d09ca02631" />
      <TestMethod codeBase="c:/projects/Riak.Client/Riak.Tests/bin/Debug/Riak.Tests.DLL" adapterTypeName="Microsoft.VisualStudio.TestTools.TestTypes.Unit.UnitTestAdapter, Microsoft.VisualStudio.QualityTools.Tips.UnitTest.Adapter, Version=10.0.0.0, Culture=neutral, PublicKeyToken=b03f5f7f11d50a3a" className="Riak.Tests.BucketTests, Riak.Tests, Version=1.0.0.0, Culture=neutral, PublicKeyToken=null" name="ConflictOnNonMultiBucket" />
    </UnitTest>
    <UnitTest name="LinkOnNewKeyExistsAndParses" storage="c:\projects\riak.client\riak.tests\bin\debug\riak.tests.dll" id="cb4b29f5-c7d3-2010-bb43-cecc9f41c474">
      <Execution id="4d044c61-860d-4988-b101-388577946cdc" />
      <TestMethod codeBase="c:/projects/Riak.Client/Riak.Tests/bin/Debug/Riak.Tests.DLL" adapterTypeName="Microsoft.VisualStudio.TestTools.TestTypes.Unit.UnitTestAdapter, Microsoft.VisualStudio.QualityTools.Tips.UnitTest.Adapter, Version=10.0.0.0, Culture=neutral, PublicKeyToken=b03f5f7f11d50a3a" className="Riak.Tests.LinkTests, Riak.Tests, Version=1.0.0.0, Culture=neutral, PublicKeyToken=null" name="LinkOnNewKeyExistsAndParses" />
    </UnitTest>
  </TestDefinitions>
  <TestLists>
    <TestList name="Results Not in a List" id="8c84fa94-04c1-424b-9868-57a2d4851a1d" />
    <TestList name="All Loaded Results" id="19431567-8539-422a-85d7-44ee4e166bda" />
  </TestLists>
  <TestEntries>
    <TestEntry testId="58939138-4342-8e72-2f65-c6ec6d5362d3" executionId="e8d5f1e3-fda9-423a-bc75-162b7e56a2b9" testListId="8c84fa94-04c1-424b-9868-57a2d4851a1d" />
    <TestEntry testId="4ad0d6cc-b6bb-6b71-fab7-7bd0c1927a9f" executionId="97b9e0c0-8907-4c12-b3bf-1ec07b5ebfeb" testListId="8c84fa94-04c1-424b-9868-57a2d4851a1d" />
    <TestEntry testId="ecb7a2ec-95c2-bcd4-9208-598a9a8227f1" executionId="1abb1335-b588-4f80-a6b0-b88f1434f2dd" testListId="8c84fa94-04c1-424b-9868-57a2d4851a1d" />
    <TestEntry testId="8adbc453-a093-0889-b145-79d2f69be902" executionId="4d9b03ad-2547-40b7-a613-d849287d5477" testListId="8c84fa94-04c1-424b-9868-57a2d4851a1d" />
    <TestEntry testId="06a22416-08af-c0dc-b70f-5cec4761aa09" executionId="3989044c-0ed8-428b-971d-e2d09ca02631" testListId="8c84fa94-04c1-424b-9868-57a2d4851a1d" />
    <TestEntry testId="33d4d279-34bd-6d5a-280e-4b82973def51" executionId="376f2419-96ba-4821-b097-079b51d91be2" testListId="8c84fa94-04c1-424b-9868-57a2d4851a1d" />
    <TestEntry testId="beae7429-a6a2-4b8b-91b8-2242ec45c77a" executionId="51c70278-5952-4ee5-a689-efca114c916e" testListId="8c84fa94-04c1-424b-9868-57a2d4851a1d" />
    <TestEntry testId="7a71b779-6444-5633-f109-dc2d069ca31b" executionId="e3e9be1f-4c57-4a6f-9c7f-b8c0de5a0eba" testListId="8c84fa94-04c1-424b-9868-57a2d4851a1d" />
    <TestEntry testId="30d12b1b-aa49-8c08-bd4a-866243aceb48" executionId="64b0c48e-d0c8-4ee6-876f-01a7f338a1b4" testListId="8c84fa94-04c1-424b-9868-57a2d4851a1d" />
    <TestEntry testId="d79ef6f9-4e22-e7f6-a37e-b0e7a8cab61d" executionId="fd9a72ec-51b8-4490-b80c-6a6ab7e51de1" testListId="8c84fa94-04c1-424b-9868-57a2d4851a1d" />
    <TestEntry testId="cb4b29f5-c7d3-2010-bb43-cecc9f41c474" executionId="4d044c61-860d-4988-b101-388577946cdc" testListId="8c84fa94-04c1-424b-9868-57a2d4851a1d" />
    <TestEntry testId="86d01318-0230-9e62-826b-6c3385d23407" executionId="f73523e9-513b-4497-8924-14ed806fcf7c" testListId="8c84fa94-04c1-424b-9868-57a2d4851a1d" />
    <TestEntry testId="80c6668e-527f-7ce0-c7fa-d368165124a1" executionId="b28a28d1-5906-4d5a-b99d-c08e812dbfa2" testListId="8c84fa94-04c1-424b-9868-57a2d4851a1d" />
    <TestEntry testId="d9c44692-30b5-c679-747b-7d385a54ef67" executionId="2ebffd4d-8305-40e5-95fb-0dc0797086e1" testListId="8c84fa94-04c1-424b-9868-57a2d4851a1d" />
    <TestEntry testId="8bc468f8-eee0-673a-92b7-930506440e84" executionId="bb9cd894-59f5-4eaf-a9fa-aa5f6ff6fdbd" testListId="8c84fa94-04c1-424b-9868-57a2d4851a1d" />
    <TestEntry testId="e59f5b3d-3a7c-4505-e293-67664a703224" executionId="918b8b1d-ef1c-4963-afb5-6d9c46ea5a76" testListId="8c84fa94-04c1-424b-9868-57a2d4851a1d" />
  </TestEntries>
  <Results>
    <UnitTestResult executionId="e8d5f1e3-fda9-423a-bc75-162b7e56a2b9" testId="58939138-4342-8e72-2f65-c6ec6d5362d3" testName="SaveAStringKeyValue" computerName="HORVICKW7" duration="00:00:00.6920412" startTime="2010-03-20T01:38:50.8314351-04:00" endTime="2010-03-20T01:38:52.4215261-04:00" testType="13cdc9d9-ddb5-4fa4-a97d-d965ccfc6d4b" outcome="Passed" testListId="8c84fa94-04c1-424b-9868-57a2d4851a1d" relativeResultsDirectory="e8d5f1e3-fda9-423a-bc75-162b7e56a2b9">
      <Output>
        <DebugTrace>X-Riak-Vclock: a85hYGBgzGDKBVIsrKfe1GYwJTLmsTL8vClxlC8LAA==
Link: &lt;/riak/BucketTest&gt;; rel="up"
</DebugTrace>
      </Output>
    </UnitTestResult>
    <UnitTestResult executionId="97b9e0c0-8907-4c12-b3bf-1ec07b5ebfeb" testId="4ad0d6cc-b6bb-6b71-fab7-7bd0c1927a9f" testName="SaveABinaryKeyValue" computerName="HORVICKW7" duration="00:00:00.2382381" startTime="2010-03-20T01:38:52.4305266-04:00" endTime="2010-03-20T01:38:52.6805409-04:00" testType="13cdc9d9-ddb5-4fa4-a97d-d965ccfc6d4b" outcome="Passed" testListId="8c84fa94-04c1-424b-9868-57a2d4851a1d" relativeResultsDirectory="97b9e0c0-8907-4c12-b3bf-1ec07b5ebfeb">
    </UnitTestResult>
    <UnitTestResult executionId="1abb1335-b588-4f80-a6b0-b88f1434f2dd" testId="ecb7a2ec-95c2-bcd4-9208-598a9a8227f1" testName="DeleteExistingKeys" computerName="HORVICKW7" duration="00:00:00.5881535" startTime="2010-03-20T01:38:52.6975419-04:00" endTime="2010-03-20T01:38:53.2995763-04:00" testType="13cdc9d9-ddb5-4fa4-a97d-d965ccfc6d4b" outcome="Passed" testListId="8c84fa94-04c1-424b-9868-57a2d4851a1d" relativeResultsDirectory="1abb1335-b588-4f80-a6b0-b88f1434f2dd">
      <Output>
        <DebugTrace>X-Riak-Vclock: a85hYGBgzGDKBVIsTBfjZ2cwJTLmsTLk3JY4ypcFAA==
X-Riak-Vclock: a85hYGBgymDKBVIsrKfe1GYwJTLmsTL8vClxlA8qzOI++zpUOOc2UDgLAA==
</DebugTrace>
      </Output>
    </UnitTestResult>
    <UnitTestResult executionId="4d9b03ad-2547-40b7-a613-d849287d5477" testId="8adbc453-a093-0889-b145-79d2f69be902" testName="DeleteMissingKeys" computerName="HORVICKW7" duration="00:00:00.8154241" startTime="2010-03-20T01:38:53.3565796-04:00" endTime="2010-03-20T01:38:54.1836269-04:00" testType="13cdc9d9-ddb5-4fa4-a97d-d965ccfc6d4b" outcome="Passed" testListId="8c84fa94-04c1-424b-9868-57a2d4851a1d" relativeResultsDirectory="4d9b03ad-2547-40b7-a613-d849287d5477">
      <Output>
        <DebugTrace>X-Riak-Vclock: a85hYGBgzGDKBVIsLLrtchlMiYx5rAy5tyWO8mUBAA==
X-Riak-Vclock: a85hYGBgzGDKBVIsLLrtchlMiYx5rAy5tyWO8mUBAA==
X-Riak-Vclock: a85hYGBgzGDKBVIsLLrtchlMiYx5rAy5tyWO8mUBAA==
X-Riak-Vclock: a85hYGBgzGDKBVIsLLrtchlMiYx5rAy5tyWO8mUBAA==
X-Riak-Vclock: a85hYGBgzGDKBVIsLLrtchlMiYx5rAy5tyWO8mUBAA==
X-Riak-Vclock: a85hYGBgzGDKBVIsLLrtchlMiYx5rAy5tyWO8mUBAA==
X-Riak-Vclock: a85hYGBgzGDKBVIsLLrtchlMiYx5rAy5tyWO8mUBAA==
X-Riak-Vclock: a85hYGBgzGDKBVIsLLrtchlMiYx5rAy5tyWO8mUBAA==
X-Riak-Vclock: a85hYGBgzGDKBVIsLLrtchlMiYx5rAy5tyWO8mUBAA==
X-Riak-Vclock: a85hYGBgzGDKBVIsLLrtchlMiYx5rAy5tyWO8mUBAA==
X-Riak-Vclock: a85hYGBgzGDKBVIsLLrtchlMiYx5rAy5tyWO8mUBAA==
X-Riak-Vclock: a85hYGBgzGDKBVIsLLrtchlMiYx5rAy5tyWO8mUBAA==
X-Riak-Vclock: a85hYGBgzGDKBVIsLLrtchlMiYx5rAy5tyWO8mUBAA==
X-Riak-Vclock: a85hYGBgzGDKBVIsLLrtchlMiYx5rAy5tyWO8mUBAA==
X-Riak-Vclock: a85hYGBgzGDKBVIsLLrtchlMiYx5rAy5tyWO8mUBAA==
X-Riak-Vclock: a85hYGBgzGDKBVIsLLrtchlMiYx5rAy5tyWO8mUBAA==
X-Riak-Vclock: a85hYGBgzGDKBVIsLLrtchlMiYx5rAy5tyWO8mUBAA==
X-Riak-Vclock: a85hYGBgzGDKBVIsLLrtchlMiYx5rAy5tyWO8mUBAA==
X-Riak-Vclock: a85hYGBgzGDKBVIsLLrtchlMiYx5rAy5tyWO8mUBAA==
X-Riak-Vclock: a85hYGBgzGDKBVIsLLrtchlMiYx5rAy5tyWO8mUBAA==
</DebugTrace>
      </Output>
    </UnitTestResult>
    <UnitTestResult executionId="3989044c-0ed8-428b-971d-e2d09ca02631" testId="06a22416-08af-c0dc-b70f-5cec4761aa09" testName="ConflictOnNonMultiBucket" computerName="HORVICKW7" duration="00:00:00.3123761" startTime="2010-03-20T01:38:54.1916273-04:00" endTime="2010-03-20T01:38:54.5126457-04:00" testType="13cdc9d9-ddb5-4fa4-a97d-d965ccfc6d4b" outcome="Passed" testListId="8c84fa94-04c1-424b-9868-57a2d4851a1d" relativeResultsDirectory="3989044c-0ed8-428b-971d-e2d09ca02631">
      <Output>
        <DebugTrace>X-Riak-Vclock: a85hYGBgzGDKBVIsrJfPH89gSmTMY2XIuy1xlC8LAA==
Link: &lt;/riak/NonMultiBucket&gt;; rel="up"
X-Riak-Vclock: a85hYGBgzGDKBVIsrJfPH89gSmTMY2XIuy1xlC8LAA==
Link: &lt;/riak/NonMultiBucket&gt;; rel="up"
</DebugTrace>
      </Output>
    </UnitTestResult>
    <UnitTestResult executionId="376f2419-96ba-4821-b097-079b51d91be2" testId="33d4d279-34bd-6d5a-280e-4b82973def51" testName="SettingAllowMultiPersistsCorrectly" computerName="HORVICKW7" duration="00:00:00.7334928" startTime="2010-03-20T01:38:54.5226463-04:00" endTime="2010-03-20T01:38:55.2756893-04:00" testType="13cdc9d9-ddb5-4fa4-a97d-d965ccfc6d4b" outcome="Passed" testListId="8c84fa94-04c1-424b-9868-57a2d4851a1d" relativeResultsDirectory="376f2419-96ba-4821-b097-079b51d91be2">
    </UnitTestResult>
    <UnitTestResult executionId="51c70278-5952-4ee5-a689-efca114c916e" testId="beae7429-a6a2-4b8b-91b8-2242ec45c77a" testName="ConflictOnAllowMultiBucket" computerName="HORVICKW7" duration="00:00:00.3126557" startTime="2010-03-20T01:38:55.2836898-04:00" endTime="2010-03-20T01:38:55.6067083-04:00" testType="13cdc9d9-ddb5-4fa4-a97d-d965ccfc6d4b" outcome="Passed" testListId="8c84fa94-04c1-424b-9868-57a2d4851a1d" relativeResultsDirectory="51c70278-5952-4ee5-a689-efca114c916e">
      <Output>
        <DebugTrace>X-Riak-Vclock: a85hYGBgzGDKBVIs7I5BTRlMiYx5rAz5tyWO8mUBAA==
Link: &lt;/riak/ConflictOnAllowMultiBucket&gt;; rel="up"
X-Riak-Vclock: a85hYGBgzGDKBVIs7I5BTRlMiYx5rAz5tyWO8mUBAA==
Link: &lt;/riak/ConflictOnAllowMultiBucket&gt;; rel="up"
</DebugTrace>
      </Output>
    </UnitTestResult>
    <UnitTestResult executionId="e3e9be1f-4c57-4a6f-9c7f-b8c0de5a0eba" testId="7a71b779-6444-5633-f109-dc2d069ca31b" testName="GetAllSiblingsOnConflict" computerName="HORVICKW7" duration="00:00:00.3269006" startTime="2010-03-20T01:38:55.6187090-04:00" endTime="2010-03-20T01:38:55.9577284-04:00" testType="13cdc9d9-ddb5-4fa4-a97d-d965ccfc6d4b" outcome="Passed" testListId="8c84fa94-04c1-424b-9868-57a2d4851a1d" relativeResultsDirectory="e3e9be1f-4c57-4a6f-9c7f-b8c0de5a0eba">
      <Output>
        <DebugTrace>X-Riak-Vclock: a85hYGBgzGDKBVIsTCdtSjKYEhnzWBnyb0sc5csCAA==
Link: &lt;/riak/ConflictOnAllowMultiBucket&gt;; rel="up"
X-Riak-Vclock: a85hYGBgzGDKBVIsTCdtSjKYEhnzWBnyb0sc5csCAA==
Link: &lt;/riak/ConflictOnAllowMultiBucket&gt;; rel="up"
</DebugTrace>
      </Output>
    </UnitTestResult>
    <UnitTestResult executionId="64b0c48e-d0c8-4ee6-876f-01a7f338a1b4" testId="30d12b1b-aa49-8c08-bd4a-866243aceb48" testName="LinkWithRelationalUri" computerName="HORVICKW7" duration="00:00:00.0013597" startTime="2010-03-20T01:38:55.9677289-04:00" endTime="2010-03-20T01:38:55.9797296-04:00" testType="13cdc9d9-ddb5-4fa4-a97d-d965ccfc6d4b" outcome="Passed" testListId="8c84fa94-04c1-424b-9868-57a2d4851a1d" relativeResultsDirectory="64b0c48e-d0c8-4ee6-876f-01a7f338a1b4">
    </UnitTestResult>
    <UnitTestResult executionId="fd9a72ec-51b8-4490-b80c-6a6ab7e51de1" testId="d79ef6f9-4e22-e7f6-a37e-b0e7a8cab61d" testName="LinkWithMultipleParameters" computerName="HORVICKW7" duration="00:00:00.0006301" startTime="2010-03-20T01:38:56.0307325-04:00" endTime="2010-03-20T01:38:56.0427332-04:00" testType="13cdc9d9-ddb5-4fa4-a97d-d965ccfc6d4b" outcome="Passed" testListId="8c84fa94-04c1-424b-9868-57a2d4851a1d" relativeResultsDirectory="fd9a72ec-51b8-4490-b80c-6a6ab7e51de1">
    </UnitTestResult>
    <UnitTestResult executionId="4d044c61-860d-4988-b101-388577946cdc" testId="cb4b29f5-c7d3-2010-bb43-cecc9f41c474" testName="LinkOnNewKeyExistsAndParses" computerName="HORVICKW7" duration="00:00:00.2458157" startTime="2010-03-20T01:38:56.0537338-04:00" endTime="2010-03-20T01:38:56.3107485-04:00" testType="13cdc9d9-ddb5-4fa4-a97d-d965ccfc6d4b" outcome="Passed" testListId="8c84fa94-04c1-424b-9868-57a2d4851a1d" relativeResultsDirectory="4d044c61-860d-4988-b101-388577946cdc">
    </UnitTestResult>
    <UnitTestResult executionId="f73523e9-513b-4497-8924-14ed806fcf7c" testId="86d01318-0230-9e62-826b-6c3385d23407" testName="LinkOddlyFormedIsParsedAndNormalized" computerName="HORVICKW7" duration="00:00:00.0006390" startTime="2010-03-20T01:38:56.3187490-04:00" endTime="2010-03-20T01:38:56.3307497-04:00" testType="13cdc9d9-ddb5-4fa4-a97d-d965ccfc6d4b" outcome="Passed" testListId="8c84fa94-04c1-424b-9868-57a2d4851a1d" relativeResultsDirectory="f73523e9-513b-4497-8924-14ed806fcf7c">
    </UnitTestResult>
    <UnitTestResult executionId="b28a28d1-5906-4d5a-b99d-c08e812dbfa2" testId="80c6668e-527f-7ce0-c7fa-d368165124a1" testName="LinkCollectionOperationalTests" computerName="HORVICKW7" duration="00:00:00.0033141" startTime="2010-03-20T01:38:56.3847528-04:00" endTime="2010-03-20T01:38:56.3987536-04:00" testType="13cdc9d9-ddb5-4fa4-a97d-d965ccfc6d4b" outcome="Passed" testListId="8c84fa94-04c1-424b-9868-57a2d4851a1d" relativeResultsDirectory="b28a28d1-5906-4d5a-b99d-c08e812dbfa2">
    </UnitTestResult>
    <UnitTestResult executionId="2ebffd4d-8305-40e5-95fb-0dc0797086e1" testId="d9c44692-30b5-c679-747b-7d385a54ef67" testName="LinkWithUnknownParameters" computerName="HORVICKW7" duration="00:00:00.0010595" startTime="2010-03-20T01:38:56.4077541-04:00" endTime="2010-03-20T01:38:56.4227550-04:00" testType="13cdc9d9-ddb5-4fa4-a97d-d965ccfc6d4b" outcome="Passed" testListId="8c84fa94-04c1-424b-9868-57a2d4851a1d" relativeResultsDirectory="2ebffd4d-8305-40e5-95fb-0dc0797086e1">
    </UnitTestResult>
    <UnitTestResult executionId="bb9cd894-59f5-4eaf-a9fa-aa5f6ff6fdbd" testId="8bc468f8-eee0-673a-92b7-930506440e84" testName="LinkRoundTripping" computerName="HORVICKW7" duration="00:00:00.0009321" startTime="2010-03-20T01:38:56.4487564-04:00" endTime="2010-03-20T01:38:56.4627572-04:00" testType="13cdc9d9-ddb5-4fa4-a97d-d965ccfc6d4b" outcome="Passed" testListId="8c84fa94-04c1-424b-9868-57a2d4851a1d" relativeResultsDirectory="bb9cd894-59f5-4eaf-a9fa-aa5f6ff6fdbd">
    </UnitTestResult>
    <UnitTestResult executionId="918b8b1d-ef1c-4963-afb5-6d9c46ea5a76" testId="e59f5b3d-3a7c-4505-e293-67664a703224" testName="LinkFollowing" computerName="HORVICKW7" duration="00:00:00.5711481" startTime="2010-03-20T01:38:56.4837584-04:00" endTime="2010-03-20T01:38:57.0657917-04:00" testType="13cdc9d9-ddb5-4fa4-a97d-d965ccfc6d4b" outcome="Passed" testListId="8c84fa94-04c1-424b-9868-57a2d4851a1d" relativeResultsDirectory="918b8b1d-ef1c-4963-afb5-6d9c46ea5a76">
      <Output>
        <DebugTrace>X-Riak-Vclock: a85hYGBgzGDKBVIszIFcfzKYEpnyWBl+3ZQ4ypcFAA==
X-Riak-Vclock: a85hYGBgzGDKBVIszIFcfzKYEpnyWBl+3ZQ4ypcFAA==
X-Riak-Vclock: a85hYGBgzGDKBVIszIFcfzKYEpnyWBl+3ZQ4ypcFAA==
X-Riak-Vclock: a85hYGBgzGDKBVIszIFcfzKYEpnyWBl+3ZQ4ypcFAA==
X-Riak-Vclock: a85hYGBgzGDKBVIszIFcfzKYEpnyWBl+3ZQ4ypcFAA==
X-Riak-Vclock: a85hYGBgzGDKBVIsLIe8vDKYEhnzWBkKbksc5csCAA==
Link: &lt;/riak/Artist&gt;; rel="up", &lt;/riak/Album/Kind%20of%20Blue&gt;; riaktag="album", &lt;/riak/Album/Conception&gt;; riaktag="album", &lt;/riak/Album/Blue&gt;; riaktag="album", &lt;/riak/Album/Dig&gt;; riaktag="album"
X-Riak-Vclock: a85hYGBgyWDKBVHMgVx/MpgSmfJYGX7dlDjKBxVmX7OzBCjMCBQuuI0QZjnk5YUpzNacxHTc8RGyRBYA
Link: &lt;/riak/Album&gt;; rel="up", &lt;/riak/Artist/Miles%20Davis&gt;; riaktag="artist"
X-Riak-Vclock: a85hYGBgzGDKBVIsLIe8vDKYEhnzWBkKbksc5csCAA==
Link: &lt;/riak/Album&gt;; rel="up", &lt;/riak/Artist/Miles%20Davis&gt;; riaktag="artist"
X-Riak-Vclock: a85hYGBgzGDKBVIsLIe8vDKYEhnzWBkKbksc5csCAA==
Link: &lt;/riak/Album&gt;; rel="up", &lt;/riak/Artist/Miles%20Davis&gt;; riaktag="artist"
X-Riak-Vclock: a85hYGBgzGDKBVIsLIe8vDKYEhnzWBkKbksc5csCAA==
Link: &lt;/riak/Album&gt;; rel="up", &lt;/riak/Artist/Miles%20Davis&gt;; riaktag="artist"
</DebugTrace>
      </Output>
    </UnitTestResult>
  </Results>
</TestRun>