<?xml version="1.0" encoding="UTF-8"?>
<TestRun id="fd12884f-c43a-4383-a05f-93584df1ee50" name="Robert@HORVICKW7 2010-03-18 05:50:31" runUser="HORVICKW7\Robert" xmlns="http://microsoft.com/schemas/VisualStudio/TeamTest/2010">
  <TestSettings name="Local" id="cccf0ead-bb7b-4fa6-80c8-b697078887da">
    <Description>These are default test settings for a local test run.</Description>
    <Deployment enabled="false" runDeploymentRoot="Robert_HORVICKW7 2010-03-18 05_50_31" />
    <Execution>
      <TestTypeSpecific />
      <AgentRule name="Execution Agents">
      </AgentRule>
    </Execution>
  </TestSettings>
  <Times creation="2010-03-18T05:50:31.2715363-04:00" queuing="2010-03-18T05:50:34.5357230-04:00" start="2010-03-18T05:50:34.8687420-04:00" finish="2010-03-18T05:51:49.0669859-04:00" />
  <ResultSummary outcome="Error">
    <Counters total="2" executed="2" passed="1" error="0" failed="0" timeout="0" aborted="1" inconclusive="0" passedButRunAborted="0" notRunnable="0" notExecuted="0" disconnected="0" warning="0" completed="0" inProgress="0" pending="0" />
    <RunInfos>
      <RunInfo computerName="HORVICKW7" outcome="Error" timestamp="2010-03-18T05:51:49.0559853-04:00">
        <Text>Test host process exited unexpectedly.</Text>
      </RunInfo>
    </RunInfos>
  </ResultSummary>
  <TestDefinitions>
    <UnitTest name="TestMethod1" storage="c:\projects\riak.client\riak.tests\bin\debug\riak.tests.dll" id="4218db0c-c3cd-af6c-7a89-5cbb6ed4b0b4">
      <Execution id="fae0936d-54ce-4aa3-ae07-43ab9f7e8d03" />
      <TestMethod codeBase="C:/projects/Riak.Client/Riak.Tests/bin/Debug/Riak.Tests.DLL" adapterTypeName="Microsoft.VisualStudio.TestTools.TestTypes.Unit.UnitTestAdapter, Microsoft.VisualStudio.QualityTools.Tips.UnitTest.Adapter, Version=10.0.0.0, Culture=neutral, PublicKeyToken=b03f5f7f11d50a3a" className="Riak.Tests.RiakRequestTests, Riak.Tests, Version=1.0.0.0, Culture=neutral, PublicKeyToken=null" name="TestMethod1" />
    </UnitTest>
    <UnitTest name="CreateAndDeleteKey" storage="c:\projects\riak.client\riak.tests\bin\debug\riak.tests.dll" id="1cbbf656-9ca7-e0c1-33ad-857ff07ea21a">
      <Execution id="93996101-110d-4c08-be3d-a91234b4ceec" />
      <TestMethod codeBase="C:/projects/Riak.Client/Riak.Tests/bin/Debug/Riak.Tests.DLL" adapterTypeName="Microsoft.VisualStudio.TestTools.TestTypes.Unit.UnitTestAdapter, Microsoft.VisualStudio.QualityTools.Tips.UnitTest.Adapter, Version=10.0.0.0, Culture=neutral, PublicKeyToken=b03f5f7f11d50a3a" className="Riak.Tests.RiakRequestTests, Riak.Tests, Version=1.0.0.0, Culture=neutral, PublicKeyToken=null" name="CreateAndDeleteKey" />
    </UnitTest>
  </TestDefinitions>
  <TestLists>
    <TestList name="Results Not in a List" id="8c84fa94-04c1-424b-9868-57a2d4851a1d" />
    <TestList name="All Loaded Results" id="19431567-8539-422a-85d7-44ee4e166bda" />
  </TestLists>
  <TestEntries>
    <TestEntry testId="4218db0c-c3cd-af6c-7a89-5cbb6ed4b0b4" executionId="fae0936d-54ce-4aa3-ae07-43ab9f7e8d03" testListId="8c84fa94-04c1-424b-9868-57a2d4851a1d" />
    <TestEntry testId="1cbbf656-9ca7-e0c1-33ad-857ff07ea21a" executionId="93996101-110d-4c08-be3d-a91234b4ceec" testListId="8c84fa94-04c1-424b-9868-57a2d4851a1d" />
  </TestEntries>
  <Results>
    <UnitTestResult executionId="fae0936d-54ce-4aa3-ae07-43ab9f7e8d03" testId="4218db0c-c3cd-af6c-7a89-5cbb6ed4b0b4" testName="TestMethod1" computerName="HORVICKW7" duration="00:00:00.0635619" startTime="2010-03-18T05:50:35.2977665-04:00" endTime="2010-03-18T05:50:36.7118474-04:00" testType="13cdc9d9-ddb5-4fa4-a97d-d965ccfc6d4b" outcome="Passed" testListId="8c84fa94-04c1-424b-9868-57a2d4851a1d" relativeResultsDirectory="fae0936d-54ce-4aa3-ae07-43ab9f7e8d03">
    </UnitTestResult>
    <UnitTestResult executionId="93996101-110d-4c08-be3d-a91234b4ceec" testId="1cbbf656-9ca7-e0c1-33ad-857ff07ea21a" testName="CreateAndDeleteKey" computerName="HORVICKW7" duration="00:01:12.3371374" startTime="2010-03-18T05:50:36.7288484-04:00" endTime="2010-03-18T05:51:49.0659858-04:00" testType="13cdc9d9-ddb5-4fa4-a97d-d965ccfc6d4b" outcome="Aborted" testListId="8c84fa94-04c1-424b-9868-57a2d4851a1d" relativeResultsDirectory="93996101-110d-4c08-be3d-a91234b4ceec">
    </UnitTestResult>
  </Results>
</TestRun>