<?xml version="1.0" encoding="UTF-8"?>
<TestRun id="dc3051ed-75fb-4376-94ba-d32bf83547b0" name="Robert@HORVICKW7 2010-03-19 09:13:27" runUser="HORVICKW7\Robert" xmlns="http://microsoft.com/schemas/VisualStudio/TeamTest/2010">
  <TestSettings name="Local" id="cccf0ead-bb7b-4fa6-80c8-b697078887da">
    <Description>These are default test settings for a local test run.</Description>
    <Deployment enabled="false" runDeploymentRoot="Robert_HORVICKW7 2010-03-19 09_13_27" />
    <Execution>
      <TestTypeSpecific />
      <AgentRule name="Execution Agents">
      </AgentRule>
    </Execution>
  </TestSettings>
  <Times creation="2010-03-19T09:13:27.1407535-04:00" queuing="2010-03-19T09:14:06.8900270-04:00" start="2010-03-19T09:14:09.5721804-04:00" finish="2010-03-19T09:14:41.2829942-04:00" />
  <ResultSummary outcome="Failed">
    <Counters total="9" executed="9" passed="1" error="0" failed="8" timeout="0" aborted="0" inconclusive="0" passedButRunAborted="0" notRunnable="0" notExecuted="0" disconnected="0" warning="0" completed="0" inProgress="0" pending="0" />
  </ResultSummary>
  <TestDefinitions>
    <UnitTest name="SaveABinaryKeyValue" storage="c:\projects\riak.client\riak.tests\bin\debug\riak.tests.dll" id="4ad0d6cc-b6bb-6b71-fab7-7bd0c1927a9f">
      <Execution id="5ea819d7-5d81-463a-815e-770aec1dae53" />
      <TestMethod codeBase="c:/projects/Riak.Client/Riak.Tests/bin/Debug/Riak.Tests.DLL" adapterTypeName="Microsoft.VisualStudio.TestTools.TestTypes.Unit.UnitTestAdapter, Microsoft.VisualStudio.QualityTools.Tips.UnitTest.Adapter, Version=10.0.0.0, Culture=neutral, PublicKeyToken=b03f5f7f11d50a3a" className="Riak.Tests.BucketTests, Riak.Tests, Version=1.0.0.0, Culture=neutral, PublicKeyToken=null" name="SaveABinaryKeyValue" />
    </UnitTest>
    <UnitTest name="DeleteExistingKeys" storage="c:\projects\riak.client\riak.tests\bin\debug\riak.tests.dll" id="ecb7a2ec-95c2-bcd4-9208-598a9a8227f1">
      <Execution id="85d085e6-4cf4-4172-84c9-817e109c590f" />
      <TestMethod codeBase="c:/projects/Riak.Client/Riak.Tests/bin/Debug/Riak.Tests.DLL" adapterTypeName="Microsoft.VisualStudio.TestTools.TestTypes.Unit.UnitTestAdapter, Microsoft.VisualStudio.QualityTools.Tips.UnitTest.Adapter, Version=10.0.0.0, Culture=neutral, PublicKeyToken=b03f5f7f11d50a3a" className="Riak.Tests.BucketTests, Riak.Tests, Version=1.0.0.0, Culture=neutral, PublicKeyToken=null" name="DeleteExistingKeys" />
    </UnitTest>
    <UnitTest name="SaveAStringKeyValue" storage="c:\projects\riak.client\riak.tests\bin\debug\riak.tests.dll" id="58939138-4342-8e72-2f65-c6ec6d5362d3">
      <Execution id="26fab51a-e4bf-47a6-82a8-5217c7ed4151" />
      <TestMethod codeBase="c:/projects/Riak.Client/Riak.Tests/bin/Debug/Riak.Tests.DLL" adapterTypeName="Microsoft.VisualStudio.TestTools.TestTypes.Unit.UnitTestAdapter, Microsoft.VisualStudio.QualityTools.Tips.UnitTest.Adapter, Version=10.0.0.0, Culture=neutral, PublicKeyToken=b03f5f7f11d50a3a" className="Riak.Tests.BucketTests, Riak.Tests, Version=1.0.0.0, Culture=neutral, PublicKeyToken=null" name="SaveAStringKeyValue" />
    </UnitTest>
    <UnitTest name="ConflictOnAllowMultiBucket" storage="c:\projects\riak.client\riak.tests\bin\debug\riak.tests.dll" id="beae7429-a6a2-4b8b-91b8-2242ec45c77a">
      <Execution id="7fff38c1-fc67-4bfa-bc6c-51f4922d79f6" />
      <TestMethod codeBase="c:/projects/Riak.Client/Riak.Tests/bin/Debug/Riak.Tests.DLL" adapterTypeName="Microsoft.VisualStudio.TestTools.TestTypes.Unit.UnitTestAdapter, Microsoft.VisualStudio.QualityTools.Tips.UnitTest.Adapter, Version=10.0.0.0, Culture=neutral, PublicKeyToken=b03f5f7f11d50a3a" className="Riak.Tests.BucketTests, Riak.Tests, Version=1.0.0.0, Culture=neutral, PublicKeyToken=null" name="ConflictOnAllowMultiBucket" />
    </UnitTest>
    <UnitTest name="ConflictOnNonMultiBucket" storage="c:\projects\riak.client\riak.tests\bin\debug\riak.tests.dll" id="06a22416-08af-c0dc-b70f-5cec4761aa09">
      <Execution id="d863228e-e5c4-4a31-bf66-28291ba282a9" />
      <TestMethod codeBase="c:/projects/Riak.Client/Riak.Tests/bin/Debug/Riak.Tests.DLL" adapterTypeName="Microsoft.VisualStudio.TestTools.TestTypes.Unit.UnitTestAdapter, Microsoft.VisualStudio.QualityTools.Tips.UnitTest.Adapter, Version=10.0.0.0, Culture=neutral, PublicKeyToken=b03f5f7f11d50a3a" className="Riak.Tests.BucketTests, Riak.Tests, Version=1.0.0.0, Culture=neutral, PublicKeyToken=null" name="ConflictOnNonMultiBucket" />
    </UnitTest>
    <UnitTest name="GetKeyFromBucket" storage="c:\projects\riak.client\riak.tests\bin\debug\riak.tests.dll" id="7ec93923-9b63-896f-6fbc-0de4f66812a0">
      <Execution id="e8940435-317d-4b37-9587-242678ef4bac" />
      <TestMethod codeBase="c:/projects/Riak.Client/Riak.Tests/bin/Debug/Riak.Tests.DLL" adapterTypeName="Microsoft.VisualStudio.TestTools.TestTypes.Unit.UnitTestAdapter, Microsoft.VisualStudio.QualityTools.Tips.UnitTest.Adapter, Version=10.0.0.0, Culture=neutral, PublicKeyToken=b03f5f7f11d50a3a" className="Riak.Tests.RiakRequestTests, Riak.Tests, Version=1.0.0.0, Culture=neutral, PublicKeyToken=null" name="GetKeyFromBucket" />
    </UnitTest>
    <UnitTest name="TestMethod1" storage="c:\projects\riak.client\riak.tests\bin\debug\riak.tests.dll" id="4218db0c-c3cd-af6c-7a89-5cbb6ed4b0b4">
      <Execution id="79273a59-6c22-4bfa-a2e2-bec8991e7ee6" />
      <TestMethod codeBase="c:/projects/Riak.Client/Riak.Tests/bin/Debug/Riak.Tests.DLL" adapterTypeName="Microsoft.VisualStudio.TestTools.TestTypes.Unit.UnitTestAdapter, Microsoft.VisualStudio.QualityTools.Tips.UnitTest.Adapter, Version=10.0.0.0, Culture=neutral, PublicKeyToken=b03f5f7f11d50a3a" className="Riak.Tests.RiakRequestTests, Riak.Tests, Version=1.0.0.0, Culture=neutral, PublicKeyToken=null" name="TestMethod1" />
    </UnitTest>
    <UnitTest name="DeleteMissingKeys" storage="c:\projects\riak.client\riak.tests\bin\debug\riak.tests.dll" id="8adbc453-a093-0889-b145-79d2f69be902">
      <Execution id="d689ea10-eb9c-4241-af23-885b85a82c64" />
      <TestMethod codeBase="c:/projects/Riak.Client/Riak.Tests/bin/Debug/Riak.Tests.DLL" adapterTypeName="Microsoft.VisualStudio.TestTools.TestTypes.Unit.UnitTestAdapter, Microsoft.VisualStudio.QualityTools.Tips.UnitTest.Adapter, Version=10.0.0.0, Culture=neutral, PublicKeyToken=b03f5f7f11d50a3a" className="Riak.Tests.BucketTests, Riak.Tests, Version=1.0.0.0, Culture=neutral, PublicKeyToken=null" name="DeleteMissingKeys" />
    </UnitTest>
    <UnitTest name="SettingAllowMultiPersistsCorrectly" storage="c:\projects\riak.client\riak.tests\bin\debug\riak.tests.dll" id="33d4d279-34bd-6d5a-280e-4b82973def51">
      <Execution id="ca7cb5a8-302a-4a81-bc12-61a1cb5afb9c" />
      <TestMethod codeBase="c:/projects/Riak.Client/Riak.Tests/bin/Debug/Riak.Tests.DLL" adapterTypeName="Microsoft.VisualStudio.TestTools.TestTypes.Unit.UnitTestAdapter, Microsoft.VisualStudio.QualityTools.Tips.UnitTest.Adapter, Version=10.0.0.0, Culture=neutral, PublicKeyToken=b03f5f7f11d50a3a" className="Riak.Tests.BucketTests, Riak.Tests, Version=1.0.0.0, Culture=neutral, PublicKeyToken=null" name="SettingAllowMultiPersistsCorrectly" />
    </UnitTest>
  </TestDefinitions>
  <TestLists>
    <TestList name="Results Not in a List" id="8c84fa94-04c1-424b-9868-57a2d4851a1d" />
    <TestList name="All Loaded Results" id="19431567-8539-422a-85d7-44ee4e166bda" />
  </TestLists>
  <TestEntries>
    <TestEntry testId="4218db0c-c3cd-af6c-7a89-5cbb6ed4b0b4" executionId="79273a59-6c22-4bfa-a2e2-bec8991e7ee6" testListId="8c84fa94-04c1-424b-9868-57a2d4851a1d" />
    <TestEntry testId="7ec93923-9b63-896f-6fbc-0de4f66812a0" executionId="e8940435-317d-4b37-9587-242678ef4bac" testListId="8c84fa94-04c1-424b-9868-57a2d4851a1d" />
    <TestEntry testId="58939138-4342-8e72-2f65-c6ec6d5362d3" executionId="26fab51a-e4bf-47a6-82a8-5217c7ed4151" testListId="8c84fa94-04c1-424b-9868-57a2d4851a1d" />
    <TestEntry testId="4ad0d6cc-b6bb-6b71-fab7-7bd0c1927a9f" executionId="5ea819d7-5d81-463a-815e-770aec1dae53" testListId="8c84fa94-04c1-424b-9868-57a2d4851a1d" />
    <TestEntry testId="ecb7a2ec-95c2-bcd4-9208-598a9a8227f1" executionId="85d085e6-4cf4-4172-84c9-817e109c590f" testListId="8c84fa94-04c1-424b-9868-57a2d4851a1d" />
    <TestEntry testId="8adbc453-a093-0889-b145-79d2f69be902" executionId="d689ea10-eb9c-4241-af23-885b85a82c64" testListId="8c84fa94-04c1-424b-9868-57a2d4851a1d" />
    <TestEntry testId="06a22416-08af-c0dc-b70f-5cec4761aa09" executionId="d863228e-e5c4-4a31-bf66-28291ba282a9" testListId="8c84fa94-04c1-424b-9868-57a2d4851a1d" />
    <TestEntry testId="beae7429-a6a2-4b8b-91b8-2242ec45c77a" executionId="7fff38c1-fc67-4bfa-bc6c-51f4922d79f6" testListId="8c84fa94-04c1-424b-9868-57a2d4851a1d" />
    <TestEntry testId="33d4d279-34bd-6d5a-280e-4b82973def51" executionId="ca7cb5a8-302a-4a81-bc12-61a1cb5afb9c" testListId="8c84fa94-04c1-424b-9868-57a2d4851a1d" />
  </TestEntries>
  <Results>
    <UnitTestResult executionId="79273a59-6c22-4bfa-a2e2-bec8991e7ee6" testId="4218db0c-c3cd-af6c-7a89-5cbb6ed4b0b4" testName="TestMethod1" computerName="HORVICKW7" duration="00:00:02.8133785" startTime="2010-03-19T09:14:10.5172345-04:00" endTime="2010-03-19T09:14:31.3264247-04:00" testType="13cdc9d9-ddb5-4fa4-a97d-d965ccfc6d4b" outcome="Passed" testListId="8c84fa94-04c1-424b-9868-57a2d4851a1d" relativeResultsDirectory="79273a59-6c22-4bfa-a2e2-bec8991e7ee6">
    </UnitTestResult>
    <UnitTestResult executionId="e8940435-317d-4b37-9587-242678ef4bac" testId="7ec93923-9b63-896f-6fbc-0de4f66812a0" testName="GetKeyFromBucket" computerName="HORVICKW7" duration="00:00:04.5523524" startTime="2010-03-19T09:14:31.4054292-04:00" endTime="2010-03-19T09:14:35.9796908-04:00" testType="13cdc9d9-ddb5-4fa4-a97d-d965ccfc6d4b" outcome="Failed" testListId="8c84fa94-04c1-424b-9868-57a2d4851a1d" relativeResultsDirectory="e8940435-317d-4b37-9587-242678ef4bac">
      <Output>
        <ErrorInfo>
          <Message>Test method Riak.Tests.RiakRequestTests.GetKeyFromBucket threw exception: 
System.NullReferenceException: Object reference not set to an instance of an object.</Message>
          <StackTrace>    at Riak.Client.HttpHandler.BuildUri(String bucket, String key, Dictionary`2 parameters) in c:\projects\Riak.Client\Riak.Client\HttpHandler.cs:line 169
   at Riak.Client.Bucket..ctor(RiakClient client, String bucketName) in c:\projects\Riak.Client\Riak.Client\Bucket.cs:line 22
   at Riak.Client.RiakClient.Bucket(String name) in c:\projects\Riak.Client\Riak.Client\RiakClient.cs:line 27
   at Riak.Tests.RiakRequestTests.GetKeyFromBucket() in c:\projects\Riak.Client\Riak.Tests\UnitTest1.cs:line 37
</StackTrace>
        </ErrorInfo>
      </Output>
    </UnitTestResult>
    <UnitTestResult executionId="26fab51a-e4bf-47a6-82a8-5217c7ed4151" testId="58939138-4342-8e72-2f65-c6ec6d5362d3" testName="SaveAStringKeyValue" computerName="HORVICKW7" duration="00:00:00.3321964" startTime="2010-03-19T09:14:36.1397000-04:00" endTime="2010-03-19T09:14:36.4897200-04:00" testType="13cdc9d9-ddb5-4fa4-a97d-d965ccfc6d4b" outcome="Failed" testListId="8c84fa94-04c1-424b-9868-57a2d4851a1d" relativeResultsDirectory="26fab51a-e4bf-47a6-82a8-5217c7ed4151">
      <Output>
        <ErrorInfo>
          <Message>Test method Riak.Tests.BucketTests.SaveAStringKeyValue threw exception: 
System.NullReferenceException: Object reference not set to an instance of an object.</Message>
          <StackTrace>    at Riak.Client.HttpHandler.BuildUri(String bucket, String key, Dictionary`2 parameters) in c:\projects\Riak.Client\Riak.Client\HttpHandler.cs:line 169
   at Riak.Client.Bucket..ctor(RiakClient client, String bucketName) in c:\projects\Riak.Client\Riak.Client\Bucket.cs:line 22
   at Riak.Client.RiakClient.Bucket(String name) in c:\projects\Riak.Client\Riak.Client\RiakClient.cs:line 27
   at Riak.Tests.BucketTests.SaveAStringKeyValue() in c:\projects\Riak.Client\Riak.Tests\BucketTests.cs:line 17
</StackTrace>
        </ErrorInfo>
      </Output>
    </UnitTestResult>
    <UnitTestResult executionId="5ea819d7-5d81-463a-815e-770aec1dae53" testId="4ad0d6cc-b6bb-6b71-fab7-7bd0c1927a9f" testName="SaveABinaryKeyValue" computerName="HORVICKW7" duration="00:00:00.0522260" startTime="2010-03-19T09:14:36.5247220-04:00" endTime="2010-03-19T09:14:36.5997263-04:00" testType="13cdc9d9-ddb5-4fa4-a97d-d965ccfc6d4b" outcome="Failed" testListId="8c84fa94-04c1-424b-9868-57a2d4851a1d" relativeResultsDirectory="5ea819d7-5d81-463a-815e-770aec1dae53">
      <Output>
        <ErrorInfo>
          <Message>Test method Riak.Tests.BucketTests.SaveABinaryKeyValue threw exception: 
System.NullReferenceException: Object reference not set to an instance of an object.</Message>
          <StackTrace>    at Riak.Client.HttpHandler.BuildUri(String bucket, String key, Dictionary`2 parameters) in c:\projects\Riak.Client\Riak.Client\HttpHandler.cs:line 169
   at Riak.Client.Bucket..ctor(RiakClient client, String bucketName) in c:\projects\Riak.Client\Riak.Client\Bucket.cs:line 22
   at Riak.Client.RiakClient.Bucket(String name) in c:\projects\Riak.Client\Riak.Client\RiakClient.cs:line 27
   at Riak.Tests.BucketTests.SaveABinaryKeyValue() in c:\projects\Riak.Client\Riak.Tests\BucketTests.cs:line 32
</StackTrace>
        </ErrorInfo>
      </Output>
    </UnitTestResult>
    <UnitTestResult executionId="85d085e6-4cf4-4172-84c9-817e109c590f" testId="ecb7a2ec-95c2-bcd4-9208-598a9a8227f1" testName="DeleteExistingKeys" computerName="HORVICKW7" duration="00:00:00.0774764" startTime="2010-03-19T09:14:36.6257278-04:00" endTime="2010-03-19T09:14:36.7217333-04:00" testType="13cdc9d9-ddb5-4fa4-a97d-d965ccfc6d4b" outcome="Failed" testListId="8c84fa94-04c1-424b-9868-57a2d4851a1d" relativeResultsDirectory="85d085e6-4cf4-4172-84c9-817e109c590f">
      <Output>
        <ErrorInfo>
          <Message>Test method Riak.Tests.BucketTests.DeleteExistingKeys threw exception: 
System.NullReferenceException: Object reference not set to an instance of an object.</Message>
          <StackTrace>    at Riak.Client.HttpHandler.BuildUri(String bucket, String key, Dictionary`2 parameters) in c:\projects\Riak.Client\Riak.Client\HttpHandler.cs:line 169
   at Riak.Client.Bucket..ctor(RiakClient client, String bucketName) in c:\projects\Riak.Client\Riak.Client\Bucket.cs:line 22
   at Riak.Client.RiakClient.Bucket(String name) in c:\projects\Riak.Client\Riak.Client\RiakClient.cs:line 27
   at Riak.Tests.BucketTests.DeleteExistingKeys() in c:\projects\Riak.Client\Riak.Tests\BucketTests.cs:line 59
</StackTrace>
        </ErrorInfo>
      </Output>
    </UnitTestResult>
    <UnitTestResult executionId="d689ea10-eb9c-4241-af23-885b85a82c64" testId="8adbc453-a093-0889-b145-79d2f69be902" testName="DeleteMissingKeys" computerName="HORVICKW7" duration="00:00:00.0518529" startTime="2010-03-19T09:14:36.7477348-04:00" endTime="2010-03-19T09:14:36.8207389-04:00" testType="13cdc9d9-ddb5-4fa4-a97d-d965ccfc6d4b" outcome="Failed" testListId="8c84fa94-04c1-424b-9868-57a2d4851a1d" relativeResultsDirectory="d689ea10-eb9c-4241-af23-885b85a82c64">
      <Output>
        <ErrorInfo>
          <Message>Test method Riak.Tests.BucketTests.DeleteMissingKeys threw exception: 
System.NullReferenceException: Object reference not set to an instance of an object.</Message>
          <StackTrace>    at Riak.Client.HttpHandler.BuildUri(String bucket, String key, Dictionary`2 parameters) in c:\projects\Riak.Client\Riak.Client\HttpHandler.cs:line 169
   at Riak.Client.Bucket..ctor(RiakClient client, String bucketName) in c:\projects\Riak.Client\Riak.Client\Bucket.cs:line 22
   at Riak.Client.RiakClient.Bucket(String name) in c:\projects\Riak.Client\Riak.Client\RiakClient.cs:line 27
   at Riak.Tests.BucketTests.DeleteMissingKeys() in c:\projects\Riak.Client\Riak.Tests\BucketTests.cs:line 84
</StackTrace>
        </ErrorInfo>
      </Output>
    </UnitTestResult>
    <UnitTestResult executionId="d863228e-e5c4-4a31-bf66-28291ba282a9" testId="06a22416-08af-c0dc-b70f-5cec4761aa09" testName="ConflictOnNonMultiBucket" computerName="HORVICKW7" duration="00:00:00.0582911" startTime="2010-03-19T09:14:36.8457404-04:00" endTime="2010-03-19T09:14:36.9267450-04:00" testType="13cdc9d9-ddb5-4fa4-a97d-d965ccfc6d4b" outcome="Failed" testListId="8c84fa94-04c1-424b-9868-57a2d4851a1d" relativeResultsDirectory="d863228e-e5c4-4a31-bf66-28291ba282a9">
      <Output>
        <ErrorInfo>
          <Message>Test method Riak.Tests.BucketTests.ConflictOnNonMultiBucket threw exception: 
System.NullReferenceException: Object reference not set to an instance of an object.</Message>
          <StackTrace>    at Riak.Client.HttpHandler.BuildUri(String bucket, String key, Dictionary`2 parameters) in c:\projects\Riak.Client\Riak.Client\HttpHandler.cs:line 169
   at Riak.Client.Bucket..ctor(RiakClient client, String bucketName) in c:\projects\Riak.Client\Riak.Client\Bucket.cs:line 22
   at Riak.Client.RiakClient.Bucket(String name) in c:\projects\Riak.Client\Riak.Client\RiakClient.cs:line 27
   at Riak.Tests.BucketTests.ConflictOnNonMultiBucket() in c:\projects\Riak.Client\Riak.Tests\BucketTests.cs:line 114
</StackTrace>
        </ErrorInfo>
      </Output>
    </UnitTestResult>
    <UnitTestResult executionId="7fff38c1-fc67-4bfa-bc6c-51f4922d79f6" testId="beae7429-a6a2-4b8b-91b8-2242ec45c77a" testName="ConflictOnAllowMultiBucket" computerName="HORVICKW7" duration="00:00:00.1261894" startTime="2010-03-19T09:14:37.0347512-04:00" endTime="2010-03-19T09:14:37.2027608-04:00" testType="13cdc9d9-ddb5-4fa4-a97d-d965ccfc6d4b" outcome="Failed" testListId="8c84fa94-04c1-424b-9868-57a2d4851a1d" relativeResultsDirectory="7fff38c1-fc67-4bfa-bc6c-51f4922d79f6">
      <Output>
        <ErrorInfo>
          <Message>Test method Riak.Tests.BucketTests.ConflictOnAllowMultiBucket threw exception: 
System.NullReferenceException: Object reference not set to an instance of an object.</Message>
          <StackTrace>    at Riak.Client.HttpHandler.BuildUri(String bucket, String key, Dictionary`2 parameters) in c:\projects\Riak.Client\Riak.Client\HttpHandler.cs:line 169
   at Riak.Client.Bucket..ctor(RiakClient client, String bucketName) in c:\projects\Riak.Client\Riak.Client\Bucket.cs:line 22
   at Riak.Client.RiakClient.Bucket(String name) in c:\projects\Riak.Client\Riak.Client\RiakClient.cs:line 27
   at Riak.Tests.BucketTests.ConflictOnAllowMultiBucket() in c:\projects\Riak.Client\Riak.Tests\BucketTests.cs:line 163
</StackTrace>
        </ErrorInfo>
      </Output>
    </UnitTestResult>
    <UnitTestResult executionId="ca7cb5a8-302a-4a81-bc12-61a1cb5afb9c" testId="33d4d279-34bd-6d5a-280e-4b82973def51" testName="SettingAllowMultiPersistsCorrectly" computerName="HORVICKW7" duration="00:00:00.0713486" startTime="2010-03-19T09:14:37.2657644-04:00" endTime="2010-03-19T09:14:37.3627699-04:00" testType="13cdc9d9-ddb5-4fa4-a97d-d965ccfc6d4b" outcome="Failed" testListId="8c84fa94-04c1-424b-9868-57a2d4851a1d" relativeResultsDirectory="ca7cb5a8-302a-4a81-bc12-61a1cb5afb9c">
      <Output>
        <ErrorInfo>
          <Message>Test method Riak.Tests.BucketTests.SettingAllowMultiPersistsCorrectly threw exception: 
System.NullReferenceException: Object reference not set to an instance of an object.</Message>
          <StackTrace>    at Riak.Client.HttpHandler.BuildUri(String bucket, String key, Dictionary`2 parameters) in c:\projects\Riak.Client\Riak.Client\HttpHandler.cs:line 169
   at Riak.Client.Bucket..ctor(RiakClient client, String bucketName) in c:\projects\Riak.Client\Riak.Client\Bucket.cs:line 22
   at Riak.Client.RiakClient.Bucket(String name) in c:\projects\Riak.Client\Riak.Client\RiakClient.cs:line 27
   at Riak.Tests.BucketTests.SettingAllowMultiPersistsCorrectly() in c:\projects\Riak.Client\Riak.Tests\BucketTests.cs:line 140
</StackTrace>
        </ErrorInfo>
      </Output>
    </UnitTestResult>
  </Results>
</TestRun>